// Jest Snapshot v1, https://goo.gl/fbAQLP

exports[`expect to render Card component 1`] = `
<div
  className="bg-green dib br3 pa4 ma2 grow bw2 shadow-5 tc"
>
  <img
    alt="RoBro"
    height="200"
    src="https://robohash.org/undefined?size=200x200&set=set3"
    width="200"
  />
  <div>
    <h2
      className="ttu white f4"
    />
    <p
      className="ttu white i"
    />
  </div>
</div>
`;
